#
# There is insufficient memory for the Java Runtime Environment to continue.
# Native memory allocation (malloc) failed to allocate 774416 bytes for Chunk::new
# Possible reasons:
#   The system is out of physical RAM or swap space
#   The process is running with CompressedOops enabled, and the Java Heap may be blocking the growth of the native heap
# Possible solutions:
#   Reduce memory load on the system
#   Increase physical memory or swap space
#   Check if swap backing store is full
#   Decrease Java heap size (-Xmx/-Xms)
#   Decrease number of Java threads
#   Decrease Java thread stack sizes (-Xss)
#   Set larger code cache with -XX:ReservedCodeCacheSize=
#   JVM is running with Unscaled Compressed Oops mode in which the Java heap is
#     placed in the first 4GB address space. The Java Heap base address is the
#     maximum limit for the native heap growth. Please use -XX:HeapBaseMinAddress
#     to set the Java Heap base and to place the Java Heap above 4GB virtual address.
# This output file may be truncated or incomplete.
#
#  Out of Memory Error (arena.cpp:189), pid=2724, tid=22272
#
# JRE version: OpenJDK Runtime Environment (17.0.2+8) (build 17.0.2+8-86)
# Java VM: OpenJDK 64-Bit Server VM (17.0.2+8-86, mixed mode, sharing, tiered, compressed oops, compressed class ptrs, g1 gc, windows-amd64)
# No core dump will be written. Minidumps are not enabled by default on client versions of Windows
#

---------------  S U M M A R Y ------------

Command Line: --add-opens=java.base/java.util=ALL-UNNAMED --add-opens=java.base/java.lang=ALL-UNNAMED --add-opens=java.base/java.lang.invoke=ALL-UNNAMED --add-opens=java.base/java.util=ALL-UNNAMED --add-opens=java.prefs/java.util.prefs=ALL-UNNAMED --add-opens=java.prefs/java.util.prefs=ALL-UNNAMED --add-opens=java.base/java.nio.charset=ALL-UNNAMED --add-opens=java.base/java.net=ALL-UNNAMED --add-opens=java.base/java.util.concurrent.atomic=ALL-UNNAMED -XX:MaxMetaspaceSize=256m -XX:+HeapDumpOnOutOfMemoryError -Xms256m -Xmx512m -Dfile.encoding=UTF-8 -Duser.country=CO -Duser.language=es -Duser.variant org.gradle.launcher.daemon.bootstrap.GradleDaemon 7.5

Host: AMD Ryzen 3 3300U with Radeon Vega Mobile Gfx  , 4 cores, 9G,  Windows 10 , 64 bit Build 19041 (10.0.19041.5794)
Time: Thu May 29 17:23:28 2025 Hora estándar central (México) elapsed time: 7.868568 seconds (0d 0h 0m 7s)

---------------  T H R E A D  ---------------

Current thread (0x000002547c0f8570):  JavaThread "C2 CompilerThread0" daemon [_thread_in_native, id=22272, stack(0x000000a730900000,0x000000a730a00000)]


Current CompileTask:
C2:   7868 2109   !   4       java.lang.ClassLoader::loadClass (121 bytes)

Stack: [0x000000a730900000,0x000000a730a00000]
Native frames: (J=compiled Java code, j=interpreted, Vv=VM code, C=native code)
V  [jvm.dll+0x670baa]
V  [jvm.dll+0x7cfcb4]
V  [jvm.dll+0x7d145e]
V  [jvm.dll+0x7d1ac3]
V  [jvm.dll+0x242bc5]
V  [jvm.dll+0xaa57b]
V  [jvm.dll+0xaab0c]
V  [jvm.dll+0x2a991f]
V  [jvm.dll+0x5792d9]
V  [jvm.dll+0x21de3d]
V  [jvm.dll+0x217792]
V  [jvm.dll+0x214fab]
V  [jvm.dll+0x1a1bbd]
V  [jvm.dll+0x224908]
V  [jvm.dll+0x222a6c]
V  [jvm.dll+0x7859bb]
V  [jvm.dll+0x77ff7a]
V  [jvm.dll+0x66fa35]
C  [ucrtbase.dll+0x21bb2]
C  [KERNEL32.DLL+0x17374]
C  [ntdll.dll+0x4cc91]


---------------  P R O C E S S  ---------------

Threads class SMR info:
_java_thread_list=0x000002547cfbbe20, length=25, elements={
0x00000254710fa6b0, 0x000002547c0e0490, 0x000002547c0e1c30, 0x000002547c0f3d80,
0x000002547c0f4740, 0x000002547c0f7010, 0x000002547c0f78d0, 0x000002547c0f8570,
0x000002547c0f8f20, 0x000002547c0fb830, 0x000002547ccb32b0, 0x000002547ccbd7b0,
0x000002547e2686f0, 0x000002547e269f00, 0x000002547e26a3d0, 0x000002547e26a8a0,
0x000002547e268bc0, 0x000002547e269a30, 0x000002547e267880, 0x000002547e26b240,
0x000002547e269090, 0x000002547e269560, 0x000002547e26ad70, 0x000002547e267d50,
0x000002547e268220
}

Java Threads: ( => current thread )
  0x00000254710fa6b0 JavaThread "main" [_thread_blocked, id=24448, stack(0x000000a72fc00000,0x000000a72fd00000)]
  0x000002547c0e0490 JavaThread "Reference Handler" daemon [_thread_blocked, id=14560, stack(0x000000a730300000,0x000000a730400000)]
  0x000002547c0e1c30 JavaThread "Finalizer" daemon [_thread_blocked, id=21380, stack(0x000000a730400000,0x000000a730500000)]
  0x000002547c0f3d80 JavaThread "Signal Dispatcher" daemon [_thread_blocked, id=24024, stack(0x000000a730500000,0x000000a730600000)]
  0x000002547c0f4740 JavaThread "Attach Listener" daemon [_thread_blocked, id=13256, stack(0x000000a730600000,0x000000a730700000)]
  0x000002547c0f7010 JavaThread "Service Thread" daemon [_thread_blocked, id=9088, stack(0x000000a730700000,0x000000a730800000)]
  0x000002547c0f78d0 JavaThread "Monitor Deflation Thread" daemon [_thread_blocked, id=18312, stack(0x000000a730800000,0x000000a730900000)]
=>0x000002547c0f8570 JavaThread "C2 CompilerThread0" daemon [_thread_in_native, id=22272, stack(0x000000a730900000,0x000000a730a00000)]
  0x000002547c0f8f20 JavaThread "C1 CompilerThread0" daemon [_thread_blocked, id=13524, stack(0x000000a730a00000,0x000000a730b00000)]
  0x000002547c0fb830 JavaThread "Sweeper thread" daemon [_thread_blocked, id=12800, stack(0x000000a730b00000,0x000000a730c00000)]
  0x000002547ccb32b0 JavaThread "Common-Cleaner" daemon [_thread_blocked, id=21908, stack(0x000000a730c00000,0x000000a730d00000)]
  0x000002547ccbd7b0 JavaThread "Notification Thread" daemon [_thread_blocked, id=17108, stack(0x000000a730d00000,0x000000a730e00000)]
  0x000002547e2686f0 JavaThread "Daemon health stats" [_thread_blocked, id=13476, stack(0x000000a731200000,0x000000a731300000)]
  0x000002547e269f00 JavaThread "Incoming local TCP Connector on port 65063" [_thread_in_native, id=4584, stack(0x000000a731300000,0x000000a731400000)]
  0x000002547e26a3d0 JavaThread "Daemon periodic checks" [_thread_blocked, id=19320, stack(0x000000a731400000,0x000000a731500000)]
  0x000002547e26a8a0 JavaThread "Daemon" [_thread_blocked, id=17536, stack(0x000000a731500000,0x000000a731600000)]
  0x000002547e268bc0 JavaThread "Handler for socket connection from /127.0.0.1:65063 to /127.0.0.1:65064" [_thread_in_native, id=5236, stack(0x000000a731600000,0x000000a731700000)]
  0x000002547e269a30 JavaThread "Cancel handler" [_thread_blocked, id=13248, stack(0x000000a731700000,0x000000a731800000)]
  0x000002547e267880 JavaThread "Daemon worker" [_thread_in_vm, id=20960, stack(0x000000a731800000,0x000000a731900000)]
  0x000002547e26b240 JavaThread "Asynchronous log dispatcher for DefaultDaemonConnection: socket connection from /127.0.0.1:65063 to /127.0.0.1:65064" [_thread_blocked, id=4668, stack(0x000000a731900000,0x000000a731a00000)]
  0x000002547e269090 JavaThread "Stdin handler" [_thread_blocked, id=10532, stack(0x000000a731a00000,0x000000a731b00000)]
  0x000002547e269560 JavaThread "Daemon client event forwarder" [_thread_blocked, id=3512, stack(0x000000a731b00000,0x000000a731c00000)]
  0x000002547e26ad70 JavaThread "Cache worker for journal cache (C:\Users\kelly\.gradle\caches\journal-1)" [_thread_blocked, id=18556, stack(0x000000a731c00000,0x000000a731d00000)]
  0x000002547e267d50 JavaThread "File lock request listener" [_thread_in_native, id=21580, stack(0x000000a731d00000,0x000000a731e00000)]
  0x000002547e268220 JavaThread "Cache worker for file hash cache (C:\Users\kelly\.gradle\caches\7.5\fileHashes)" [_thread_blocked, id=16788, stack(0x000000a731e00000,0x000000a731f00000)]

Other Threads:
  0x000002547c0daa40 VMThread "VM Thread" [stack: 0x000000a730200000,0x000000a730300000] [id=24280]
  0x000002547ccbfc90 WatcherThread [stack: 0x000000a730e00000,0x000000a730f00000] [id=15108]
  0x000002547111cb20 GCTaskThread "GC Thread#0" [stack: 0x000000a72fd00000,0x000000a72fe00000] [id=1140]
  0x000002547d4c66d0 GCTaskThread "GC Thread#1" [stack: 0x000000a730f00000,0x000000a731000000] [id=5368]
  0x000002547d4c6980 GCTaskThread "GC Thread#2" [stack: 0x000000a731000000,0x000000a731100000] [id=2968]
  0x000002547d4c6c30 GCTaskThread "GC Thread#3" [stack: 0x000000a731100000,0x000000a731200000] [id=16896]
  0x0000025471121970 ConcurrentGCThread "G1 Main Marker" [stack: 0x000000a72fe00000,0x000000a72ff00000] [id=19728]
  0x0000025471122290 ConcurrentGCThread "G1 Conc#0" [stack: 0x000000a72ff00000,0x000000a730000000] [id=20516]
  0x00000254711ce0c0 ConcurrentGCThread "G1 Refine#0" [stack: 0x000000a730000000,0x000000a730100000] [id=6680]
  0x00000254711ce9f0 ConcurrentGCThread "G1 Service" [stack: 0x000000a730100000,0x000000a730200000] [id=6168]

Threads with active compile tasks:
C2 CompilerThread0     7957 2109   !   4       java.lang.ClassLoader::loadClass (121 bytes)

VM state: not at safepoint (normal execution)

VM Mutex/Monitor currently owned by a thread: None

Heap address: 0x00000000e0000000, size: 512 MB, Compressed Oops mode: 32-bit

CDS archive(s) mapped at: [0x0000000800000000-0x0000000800bc0000-0x0000000800bc0000), size 12320768, SharedBaseAddress: 0x0000000800000000, ArchiveRelocationMode: 0.
Compressed class space mapped at: 0x0000000800c00000-0x000000080dc00000, reserved size: 218103808
Narrow klass base: 0x0000000800000000, Narrow klass shift: 0, Narrow klass range: 0x100000000

GC Precious Log:
 CPUs: 4 total, 4 available
 Memory: 10153M
 Large Page Support: Disabled
 NUMA Support: Disabled
 Compressed Oops: Enabled (32-bit)
 Heap Region Size: 1M
 Heap Min Capacity: 256M
 Heap Initial Capacity: 256M
 Heap Max Capacity: 512M
 Pre-touch: Disabled
 Parallel Workers: 4
 Concurrent Workers: 1
 Concurrent Refinement Workers: 4
 Periodic GC: Disabled

Heap:
 garbage-first heap   total 262144K, used 63399K [0x00000000e0000000, 0x0000000100000000)
  region size 1024K, 54 young (55296K), 3 survivors (3072K)
 Metaspace       used 14084K, committed 14336K, reserved 229376K
  class space    used 2023K, committed 2112K, reserved 212992K

Heap Regions: E=young(eden), S=young(survivor), O=old, HS=humongous(starts), HC=humongous(continues), CS=collection set, F=free, OA=open archive, CA=closed archive, TAMS=top-at-mark-start (previous, next)
|   0|0x00000000e0000000, 0x00000000e0100000, 0x00000000e0100000|100%|HS|  |TAMS 0x00000000e0000000, 0x00000000e0000000| Complete 
|   1|0x00000000e0100000, 0x00000000e0200000, 0x00000000e0200000|100%|HC|  |TAMS 0x00000000e0100000, 0x00000000e0100000| Complete 
|   2|0x00000000e0200000, 0x00000000e0300000, 0x00000000e0300000|100%|HC|  |TAMS 0x00000000e0200000, 0x00000000e0200000| Complete 
|   3|0x00000000e0300000, 0x00000000e0400000, 0x00000000e0400000|100%| O|  |TAMS 0x00000000e0300000, 0x00000000e0300000| Untracked 
|   4|0x00000000e0400000, 0x00000000e0500000, 0x00000000e0500000|100%| O|  |TAMS 0x00000000e0400000, 0x00000000e0400000| Untracked 
|   5|0x00000000e0500000, 0x00000000e0600000, 0x00000000e0600000|100%| O|  |TAMS 0x00000000e0500000, 0x00000000e0500000| Untracked 
|   6|0x00000000e0600000, 0x00000000e0700000, 0x00000000e0700000|100%| O|  |TAMS 0x00000000e0600000, 0x00000000e0600000| Untracked 
|   7|0x00000000e0700000, 0x00000000e0700000, 0x00000000e0800000|  0%| F|  |TAMS 0x00000000e0700000, 0x00000000e0700000| Untracked 
|   8|0x00000000e0800000, 0x00000000e0900000, 0x00000000e0900000|100%| O|  |TAMS 0x00000000e0800000, 0x00000000e0800000| Untracked 
|   9|0x00000000e0900000, 0x00000000e0a00000, 0x00000000e0a00000|100%| O|  |TAMS 0x00000000e0900000, 0x00000000e0900000| Untracked 
|  10|0x00000000e0a00000, 0x00000000e0a25600, 0x00000000e0b00000| 14%| O|  |TAMS 0x00000000e0a00000, 0x00000000e0a00000| Untracked 
|  11|0x00000000e0b00000, 0x00000000e0b00000, 0x00000000e0c00000|  0%| F|  |TAMS 0x00000000e0b00000, 0x00000000e0b00000| Untracked 
|  12|0x00000000e0c00000, 0x00000000e0c00000, 0x00000000e0d00000|  0%| F|  |TAMS 0x00000000e0c00000, 0x00000000e0c00000| Untracked 
|  13|0x00000000e0d00000, 0x00000000e0d00000, 0x00000000e0e00000|  0%| F|  |TAMS 0x00000000e0d00000, 0x00000000e0d00000| Untracked 
|  14|0x00000000e0e00000, 0x00000000e0e00000, 0x00000000e0f00000|  0%| F|  |TAMS 0x00000000e0e00000, 0x00000000e0e00000| Untracked 
|  15|0x00000000e0f00000, 0x00000000e0f00000, 0x00000000e1000000|  0%| F|  |TAMS 0x00000000e0f00000, 0x00000000e0f00000| Untracked 
|  16|0x00000000e1000000, 0x00000000e1000000, 0x00000000e1100000|  0%| F|  |TAMS 0x00000000e1000000, 0x00000000e1000000| Untracked 
|  17|0x00000000e1100000, 0x00000000e1100000, 0x00000000e1200000|  0%| F|  |TAMS 0x00000000e1100000, 0x00000000e1100000| Untracked 
|  18|0x00000000e1200000, 0x00000000e1200000, 0x00000000e1300000|  0%| F|  |TAMS 0x00000000e1200000, 0x00000000e1200000| Untracked 
|  19|0x00000000e1300000, 0x00000000e1300000, 0x00000000e1400000|  0%| F|  |TAMS 0x00000000e1300000, 0x00000000e1300000| Untracked 
|  20|0x00000000e1400000, 0x00000000e1400000, 0x00000000e1500000|  0%| F|  |TAMS 0x00000000e1400000, 0x00000000e1400000| Untracked 
|  21|0x00000000e1500000, 0x00000000e1500000, 0x00000000e1600000|  0%| F|  |TAMS 0x00000000e1500000, 0x00000000e1500000| Untracked 
|  22|0x00000000e1600000, 0x00000000e1600000, 0x00000000e1700000|  0%| F|  |TAMS 0x00000000e1600000, 0x00000000e1600000| Untracked 
|  23|0x00000000e1700000, 0x00000000e1700000, 0x00000000e1800000|  0%| F|  |TAMS 0x00000000e1700000, 0x00000000e1700000| Untracked 
|  24|0x00000000e1800000, 0x00000000e1800000, 0x00000000e1900000|  0%| F|  |TAMS 0x00000000e1800000, 0x00000000e1800000| Untracked 
|  25|0x00000000e1900000, 0x00000000e1900000, 0x00000000e1a00000|  0%| F|  |TAMS 0x00000000e1900000, 0x00000000e1900000| Untracked 
|  26|0x00000000e1a00000, 0x00000000e1a00000, 0x00000000e1b00000|  0%| F|  |TAMS 0x00000000e1a00000, 0x00000000e1a00000| Untracked 
|  27|0x00000000e1b00000, 0x00000000e1b00000, 0x00000000e1c00000|  0%| F|  |TAMS 0x00000000e1b00000, 0x00000000e1b00000| Untracked 
|  28|0x00000000e1c00000, 0x00000000e1c00000, 0x00000000e1d00000|  0%| F|  |TAMS 0x00000000e1c00000, 0x00000000e1c00000| Untracked 
|  29|0x00000000e1d00000, 0x00000000e1d00000, 0x00000000e1e00000|  0%| F|  |TAMS 0x00000000e1d00000, 0x00000000e1d00000| Untracked 
|  30|0x00000000e1e00000, 0x00000000e1e00000, 0x00000000e1f00000|  0%| F|  |TAMS 0x00000000e1e00000, 0x00000000e1e00000| Untracked 
|  31|0x00000000e1f00000, 0x00000000e1f00000, 0x00000000e2000000|  0%| F|  |TAMS 0x00000000e1f00000, 0x00000000e1f00000| Untracked 
|  32|0x00000000e2000000, 0x00000000e2000000, 0x00000000e2100000|  0%| F|  |TAMS 0x00000000e2000000, 0x00000000e2000000| Untracked 
|  33|0x00000000e2100000, 0x00000000e2100000, 0x00000000e2200000|  0%| F|  |TAMS 0x00000000e2100000, 0x00000000e2100000| Untracked 
|  34|0x00000000e2200000, 0x00000000e2200000, 0x00000000e2300000|  0%| F|  |TAMS 0x00000000e2200000, 0x00000000e2200000| Untracked 
|  35|0x00000000e2300000, 0x00000000e2300000, 0x00000000e2400000|  0%| F|  |TAMS 0x00000000e2300000, 0x00000000e2300000| Untracked 
|  36|0x00000000e2400000, 0x00000000e2400000, 0x00000000e2500000|  0%| F|  |TAMS 0x00000000e2400000, 0x00000000e2400000| Untracked 
|  37|0x00000000e2500000, 0x00000000e2500000, 0x00000000e2600000|  0%| F|  |TAMS 0x00000000e2500000, 0x00000000e2500000| Untracked 
|  38|0x00000000e2600000, 0x00000000e2600000, 0x00000000e2700000|  0%| F|  |TAMS 0x00000000e2600000, 0x00000000e2600000| Untracked 
|  39|0x00000000e2700000, 0x00000000e2700000, 0x00000000e2800000|  0%| F|  |TAMS 0x00000000e2700000, 0x00000000e2700000| Untracked 
|  40|0x00000000e2800000, 0x00000000e2800000, 0x00000000e2900000|  0%| F|  |TAMS 0x00000000e2800000, 0x00000000e2800000| Untracked 
|  41|0x00000000e2900000, 0x00000000e2900000, 0x00000000e2a00000|  0%| F|  |TAMS 0x00000000e2900000, 0x00000000e2900000| Untracked 
|  42|0x00000000e2a00000, 0x00000000e2a00000, 0x00000000e2b00000|  0%| F|  |TAMS 0x00000000e2a00000, 0x00000000e2a00000| Untracked 
|  43|0x00000000e2b00000, 0x00000000e2b00000, 0x00000000e2c00000|  0%| F|  |TAMS 0x00000000e2b00000, 0x00000000e2b00000| Untracked 
|  44|0x00000000e2c00000, 0x00000000e2c00000, 0x00000000e2d00000|  0%| F|  |TAMS 0x00000000e2c00000, 0x00000000e2c00000| Untracked 
|  45|0x00000000e2d00000, 0x00000000e2d00000, 0x00000000e2e00000|  0%| F|  |TAMS 0x00000000e2d00000, 0x00000000e2d00000| Untracked 
|  46|0x00000000e2e00000, 0x00000000e2e00000, 0x00000000e2f00000|  0%| F|  |TAMS 0x00000000e2e00000, 0x00000000e2e00000| Untracked 
|  47|0x00000000e2f00000, 0x00000000e2f00000, 0x00000000e3000000|  0%| F|  |TAMS 0x00000000e2f00000, 0x00000000e2f00000| Untracked 
|  48|0x00000000e3000000, 0x00000000e3000000, 0x00000000e3100000|  0%| F|  |TAMS 0x00000000e3000000, 0x00000000e3000000| Untracked 
|  49|0x00000000e3100000, 0x00000000e3100000, 0x00000000e3200000|  0%| F|  |TAMS 0x00000000e3100000, 0x00000000e3100000| Untracked 
|  50|0x00000000e3200000, 0x00000000e3200000, 0x00000000e3300000|  0%| F|  |TAMS 0x00000000e3200000, 0x00000000e3200000| Untracked 
|  51|0x00000000e3300000, 0x00000000e3300000, 0x00000000e3400000|  0%| F|  |TAMS 0x00000000e3300000, 0x00000000e3300000| Untracked 
|  52|0x00000000e3400000, 0x00000000e3400000, 0x00000000e3500000|  0%| F|  |TAMS 0x00000000e3400000, 0x00000000e3400000| Untracked 
|  53|0x00000000e3500000, 0x00000000e3500000, 0x00000000e3600000|  0%| F|  |TAMS 0x00000000e3500000, 0x00000000e3500000| Untracked 
|  54|0x00000000e3600000, 0x00000000e3600000, 0x00000000e3700000|  0%| F|  |TAMS 0x00000000e3600000, 0x00000000e3600000| Untracked 
|  55|0x00000000e3700000, 0x00000000e3700000, 0x00000000e3800000|  0%| F|  |TAMS 0x00000000e3700000, 0x00000000e3700000| Untracked 
|  56|0x00000000e3800000, 0x00000000e3800000, 0x00000000e3900000|  0%| F|  |TAMS 0x00000000e3800000, 0x00000000e3800000| Untracked 
|  57|0x00000000e3900000, 0x00000000e3900000, 0x00000000e3a00000|  0%| F|  |TAMS 0x00000000e3900000, 0x00000000e3900000| Untracked 
|  58|0x00000000e3a00000, 0x00000000e3a00000, 0x00000000e3b00000|  0%| F|  |TAMS 0x00000000e3a00000, 0x00000000e3a00000| Untracked 
|  59|0x00000000e3b00000, 0x00000000e3b00000, 0x00000000e3c00000|  0%| F|  |TAMS 0x00000000e3b00000, 0x00000000e3b00000| Untracked 
|  60|0x00000000e3c00000, 0x00000000e3c00000, 0x00000000e3d00000|  0%| F|  |TAMS 0x00000000e3c00000, 0x00000000e3c00000| Untracked 
|  61|0x00000000e3d00000, 0x00000000e3d00000, 0x00000000e3e00000|  0%| F|  |TAMS 0x00000000e3d00000, 0x00000000e3d00000| Untracked 
|  62|0x00000000e3e00000, 0x00000000e3e00000, 0x00000000e3f00000|  0%| F|  |TAMS 0x00000000e3e00000, 0x00000000e3e00000| Untracked 
|  63|0x00000000e3f00000, 0x00000000e3f00000, 0x00000000e4000000|  0%| F|  |TAMS 0x00000000e3f00000, 0x00000000e3f00000| Untracked 
|  64|0x00000000e4000000, 0x00000000e4000000, 0x00000000e4100000|  0%| F|  |TAMS 0x00000000e4000000, 0x00000000e4000000| Untracked 
|  65|0x00000000e4100000, 0x00000000e4100000, 0x00000000e4200000|  0%| F|  |TAMS 0x00000000e4100000, 0x00000000e4100000| Untracked 
|  66|0x00000000e4200000, 0x00000000e4200000, 0x00000000e4300000|  0%| F|  |TAMS 0x00000000e4200000, 0x00000000e4200000| Untracked 
|  67|0x00000000e4300000, 0x00000000e4300000, 0x00000000e4400000|  0%| F|  |TAMS 0x00000000e4300000, 0x00000000e4300000| Untracked 
|  68|0x00000000e4400000, 0x00000000e4400000, 0x00000000e4500000|  0%| F|  |TAMS 0x00000000e4400000, 0x00000000e4400000| Untracked 
|  69|0x00000000e4500000, 0x00000000e4500000, 0x00000000e4600000|  0%| F|  |TAMS 0x00000000e4500000, 0x00000000e4500000| Untracked 
|  70|0x00000000e4600000, 0x00000000e4600000, 0x00000000e4700000|  0%| F|  |TAMS 0x00000000e4600000, 0x00000000e4600000| Untracked 
|  71|0x00000000e4700000, 0x00000000e4700000, 0x00000000e4800000|  0%| F|  |TAMS 0x00000000e4700000, 0x00000000e4700000| Untracked 
|  72|0x00000000e4800000, 0x00000000e4800000, 0x00000000e4900000|  0%| F|  |TAMS 0x00000000e4800000, 0x00000000e4800000| Untracked 
|  73|0x00000000e4900000, 0x00000000e4900000, 0x00000000e4a00000|  0%| F|  |TAMS 0x00000000e4900000, 0x00000000e4900000| Untracked 
|  74|0x00000000e4a00000, 0x00000000e4a00000, 0x00000000e4b00000|  0%| F|  |TAMS 0x00000000e4a00000, 0x00000000e4a00000| Untracked 
|  75|0x00000000e4b00000, 0x00000000e4b00000, 0x00000000e4c00000|  0%| F|  |TAMS 0x00000000e4b00000, 0x00000000e4b00000| Untracked 
|  76|0x00000000e4c00000, 0x00000000e4c00000, 0x00000000e4d00000|  0%| F|  |TAMS 0x00000000e4c00000, 0x00000000e4c00000| Untracked 
|  77|0x00000000e4d00000, 0x00000000e4d00000, 0x00000000e4e00000|  0%| F|  |TAMS 0x00000000e4d00000, 0x00000000e4d00000| Untracked 
|  78|0x00000000e4e00000, 0x00000000e4e00000, 0x00000000e4f00000|  0%| F|  |TAMS 0x00000000e4e00000, 0x00000000e4e00000| Untracked 
|  79|0x00000000e4f00000, 0x00000000e4f00000, 0x00000000e5000000|  0%| F|  |TAMS 0x00000000e4f00000, 0x00000000e4f00000| Untracked 
|  80|0x00000000e5000000, 0x00000000e5000000, 0x00000000e5100000|  0%| F|  |TAMS 0x00000000e5000000, 0x00000000e5000000| Untracked 
|  81|0x00000000e5100000, 0x00000000e5100000, 0x00000000e5200000|  0%| F|  |TAMS 0x00000000e5100000, 0x00000000e5100000| Untracked 
|  82|0x00000000e5200000, 0x00000000e5200000, 0x00000000e5300000|  0%| F|  |TAMS 0x00000000e5200000, 0x00000000e5200000| Untracked 
|  83|0x00000000e5300000, 0x00000000e5300000, 0x00000000e5400000|  0%| F|  |TAMS 0x00000000e5300000, 0x00000000e5300000| Untracked 
|  84|0x00000000e5400000, 0x00000000e5400000, 0x00000000e5500000|  0%| F|  |TAMS 0x00000000e5400000, 0x00000000e5400000| Untracked 
|  85|0x00000000e5500000, 0x00000000e5500000, 0x00000000e5600000|  0%| F|  |TAMS 0x00000000e5500000, 0x00000000e5500000| Untracked 
|  86|0x00000000e5600000, 0x00000000e5600000, 0x00000000e5700000|  0%| F|  |TAMS 0x00000000e5600000, 0x00000000e5600000| Untracked 
|  87|0x00000000e5700000, 0x00000000e5700000, 0x00000000e5800000|  0%| F|  |TAMS 0x00000000e5700000, 0x00000000e5700000| Untracked 
|  88|0x00000000e5800000, 0x00000000e5800000, 0x00000000e5900000|  0%| F|  |TAMS 0x00000000e5800000, 0x00000000e5800000| Untracked 
|  89|0x00000000e5900000, 0x00000000e5900000, 0x00000000e5a00000|  0%| F|  |TAMS 0x00000000e5900000, 0x00000000e5900000| Untracked 
|  90|0x00000000e5a00000, 0x00000000e5a00000, 0x00000000e5b00000|  0%| F|  |TAMS 0x00000000e5a00000, 0x00000000e5a00000| Untracked 
|  91|0x00000000e5b00000, 0x00000000e5b00000, 0x00000000e5c00000|  0%| F|  |TAMS 0x00000000e5b00000, 0x00000000e5b00000| Untracked 
|  92|0x00000000e5c00000, 0x00000000e5c00000, 0x00000000e5d00000|  0%| F|  |TAMS 0x00000000e5c00000, 0x00000000e5c00000| Untracked 
|  93|0x00000000e5d00000, 0x00000000e5d00000, 0x00000000e5e00000|  0%| F|  |TAMS 0x00000000e5d00000, 0x00000000e5d00000| Untracked 
|  94|0x00000000e5e00000, 0x00000000e5e00000, 0x00000000e5f00000|  0%| F|  |TAMS 0x00000000e5e00000, 0x00000000e5e00000| Untracked 
|  95|0x00000000e5f00000, 0x00000000e5f00000, 0x00000000e6000000|  0%| F|  |TAMS 0x00000000e5f00000, 0x00000000e5f00000| Untracked 
|  96|0x00000000e6000000, 0x00000000e6000000, 0x00000000e6100000|  0%| F|  |TAMS 0x00000000e6000000, 0x00000000e6000000| Untracked 
|  97|0x00000000e6100000, 0x00000000e6100000, 0x00000000e6200000|  0%| F|  |TAMS 0x00000000e6100000, 0x00000000e6100000| Untracked 
|  98|0x00000000e6200000, 0x00000000e6200000, 0x00000000e6300000|  0%| F|  |TAMS 0x00000000e6200000, 0x00000000e6200000| Untracked 
|  99|0x00000000e6300000, 0x00000000e6300000, 0x00000000e6400000|  0%| F|  |TAMS 0x00000000e6300000, 0x00000000e6300000| Untracked 
| 100|0x00000000e6400000, 0x00000000e6400000, 0x00000000e6500000|  0%| F|  |TAMS 0x00000000e6400000, 0x00000000e6400000| Untracked 
| 101|0x00000000e6500000, 0x00000000e6500000, 0x00000000e6600000|  0%| F|  |TAMS 0x00000000e6500000, 0x00000000e6500000| Untracked 
| 102|0x00000000e6600000, 0x00000000e6600000, 0x00000000e6700000|  0%| F|  |TAMS 0x00000000e6600000, 0x00000000e6600000| Untracked 
| 103|0x00000000e6700000, 0x00000000e6700000, 0x00000000e6800000|  0%| F|  |TAMS 0x00000000e6700000, 0x00000000e6700000| Untracked 
| 104|0x00000000e6800000, 0x00000000e6800000, 0x00000000e6900000|  0%| F|  |TAMS 0x00000000e6800000, 0x00000000e6800000| Untracked 
| 105|0x00000000e6900000, 0x00000000e6900000, 0x00000000e6a00000|  0%| F|  |TAMS 0x00000000e6900000, 0x00000000e6900000| Untracked 
| 106|0x00000000e6a00000, 0x00000000e6a00000, 0x00000000e6b00000|  0%| F|  |TAMS 0x00000000e6a00000, 0x00000000e6a00000| Untracked 
| 107|0x00000000e6b00000, 0x00000000e6b00000, 0x00000000e6c00000|  0%| F|  |TAMS 0x00000000e6b00000, 0x00000000e6b00000| Untracked 
| 108|0x00000000e6c00000, 0x00000000e6c00000, 0x00000000e6d00000|  0%| F|  |TAMS 0x00000000e6c00000, 0x00000000e6c00000| Untracked 
| 109|0x00000000e6d00000, 0x00000000e6d00000, 0x00000000e6e00000|  0%| F|  |TAMS 0x00000000e6d00000, 0x00000000e6d00000| Untracked 
| 110|0x00000000e6e00000, 0x00000000e6e00000, 0x00000000e6f00000|  0%| F|  |TAMS 0x00000000e6e00000, 0x00000000e6e00000| Untracked 
| 111|0x00000000e6f00000, 0x00000000e6f00000, 0x00000000e7000000|  0%| F|  |TAMS 0x00000000e6f00000, 0x00000000e6f00000| Untracked 
| 112|0x00000000e7000000, 0x00000000e7000000, 0x00000000e7100000|  0%| F|  |TAMS 0x00000000e7000000, 0x00000000e7000000| Untracked 
| 113|0x00000000e7100000, 0x00000000e7100000, 0x00000000e7200000|  0%| F|  |TAMS 0x00000000e7100000, 0x00000000e7100000| Untracked 
| 114|0x00000000e7200000, 0x00000000e7200000, 0x00000000e7300000|  0%| F|  |TAMS 0x00000000e7200000, 0x00000000e7200000| Untracked 
| 115|0x00000000e7300000, 0x00000000e7300000, 0x00000000e7400000|  0%| F|  |TAMS 0x00000000e7300000, 0x00000000e7300000| Untracked 
| 116|0x00000000e7400000, 0x00000000e7400000, 0x00000000e7500000|  0%| F|  |TAMS 0x00000000e7400000, 0x00000000e7400000| Untracked 
| 117|0x00000000e7500000, 0x00000000e7500000, 0x00000000e7600000|  0%| F|  |TAMS 0x00000000e7500000, 0x00000000e7500000| Untracked 
| 118|0x00000000e7600000, 0x00000000e7600000, 0x00000000e7700000|  0%| F|  |TAMS 0x00000000e7600000, 0x00000000e7600000| Untracked 
| 119|0x00000000e7700000, 0x00000000e7700000, 0x00000000e7800000|  0%| F|  |TAMS 0x00000000e7700000, 0x00000000e7700000| Untracked 
| 120|0x00000000e7800000, 0x00000000e7800000, 0x00000000e7900000|  0%| F|  |TAMS 0x00000000e7800000, 0x00000000e7800000| Untracked 
| 121|0x00000000e7900000, 0x00000000e7900000, 0x00000000e7a00000|  0%| F|  |TAMS 0x00000000e7900000, 0x00000000e7900000| Untracked 
| 122|0x00000000e7a00000, 0x00000000e7a00000, 0x00000000e7b00000|  0%| F|  |TAMS 0x00000000e7a00000, 0x00000000e7a00000| Untracked 
| 123|0x00000000e7b00000, 0x00000000e7b00000, 0x00000000e7c00000|  0%| F|  |TAMS 0x00000000e7b00000, 0x00000000e7b00000| Untracked 
| 124|0x00000000e7c00000, 0x00000000e7c00000, 0x00000000e7d00000|  0%| F|  |TAMS 0x00000000e7c00000, 0x00000000e7c00000| Untracked 
| 125|0x00000000e7d00000, 0x00000000e7d00000, 0x00000000e7e00000|  0%| F|  |TAMS 0x00000000e7d00000, 0x00000000e7d00000| Untracked 
| 126|0x00000000e7e00000, 0x00000000e7e00000, 0x00000000e7f00000|  0%| F|  |TAMS 0x00000000e7e00000, 0x00000000e7e00000| Untracked 
| 127|0x00000000e7f00000, 0x00000000e7f00000, 0x00000000e8000000|  0%| F|  |TAMS 0x00000000e7f00000, 0x00000000e7f00000| Untracked 
| 128|0x00000000e8000000, 0x00000000e8000000, 0x00000000e8100000|  0%| F|  |TAMS 0x00000000e8000000, 0x00000000e8000000| Untracked 
| 129|0x00000000e8100000, 0x00000000e8100000, 0x00000000e8200000|  0%| F|  |TAMS 0x00000000e8100000, 0x00000000e8100000| Untracked 
| 130|0x00000000e8200000, 0x00000000e8200000, 0x00000000e8300000|  0%| F|  |TAMS 0x00000000e8200000, 0x00000000e8200000| Untracked 
| 131|0x00000000e8300000, 0x00000000e8300000, 0x00000000e8400000|  0%| F|  |TAMS 0x00000000e8300000, 0x00000000e8300000| Untracked 
| 132|0x00000000e8400000, 0x00000000e8400000, 0x00000000e8500000|  0%| F|  |TAMS 0x00000000e8400000, 0x00000000e8400000| Untracked 
| 133|0x00000000e8500000, 0x00000000e8500000, 0x00000000e8600000|  0%| F|  |TAMS 0x00000000e8500000, 0x00000000e8500000| Untracked 
| 134|0x00000000e8600000, 0x00000000e8600000, 0x00000000e8700000|  0%| F|  |TAMS 0x00000000e8600000, 0x00000000e8600000| Untracked 
| 135|0x00000000e8700000, 0x00000000e8700000, 0x00000000e8800000|  0%| F|  |TAMS 0x00000000e8700000, 0x00000000e8700000| Untracked 
| 136|0x00000000e8800000, 0x00000000e8800000, 0x00000000e8900000|  0%| F|  |TAMS 0x00000000e8800000, 0x00000000e8800000| Untracked 
| 137|0x00000000e8900000, 0x00000000e8900000, 0x00000000e8a00000|  0%| F|  |TAMS 0x00000000e8900000, 0x00000000e8900000| Untracked 
| 138|0x00000000e8a00000, 0x00000000e8a00000, 0x00000000e8b00000|  0%| F|  |TAMS 0x00000000e8a00000, 0x00000000e8a00000| Untracked 
| 139|0x00000000e8b00000, 0x00000000e8b00000, 0x00000000e8c00000|  0%| F|  |TAMS 0x00000000e8b00000, 0x00000000e8b00000| Untracked 
| 140|0x00000000e8c00000, 0x00000000e8c00000, 0x00000000e8d00000|  0%| F|  |TAMS 0x00000000e8c00000, 0x00000000e8c00000| Untracked 
| 141|0x00000000e8d00000, 0x00000000e8d00000, 0x00000000e8e00000|  0%| F|  |TAMS 0x00000000e8d00000, 0x00000000e8d00000| Untracked 
| 142|0x00000000e8e00000, 0x00000000e8e00000, 0x00000000e8f00000|  0%| F|  |TAMS 0x00000000e8e00000, 0x00000000e8e00000| Untracked 
| 143|0x00000000e8f00000, 0x00000000e8f00000, 0x00000000e9000000|  0%| F|  |TAMS 0x00000000e8f00000, 0x00000000e8f00000| Untracked 
| 144|0x00000000e9000000, 0x00000000e9000000, 0x00000000e9100000|  0%| F|  |TAMS 0x00000000e9000000, 0x00000000e9000000| Untracked 
| 145|0x00000000e9100000, 0x00000000e9100000, 0x00000000e9200000|  0%| F|  |TAMS 0x00000000e9100000, 0x00000000e9100000| Untracked 
| 146|0x00000000e9200000, 0x00000000e9200000, 0x00000000e9300000|  0%| F|  |TAMS 0x00000000e9200000, 0x00000000e9200000| Untracked 
| 147|0x00000000e9300000, 0x00000000e9300000, 0x00000000e9400000|  0%| F|  |TAMS 0x00000000e9300000, 0x00000000e9300000| Untracked 
| 148|0x00000000e9400000, 0x00000000e9400000, 0x00000000e9500000|  0%| F|  |TAMS 0x00000000e9400000, 0x00000000e9400000| Untracked 
| 149|0x00000000e9500000, 0x00000000e9500000, 0x00000000e9600000|  0%| F|  |TAMS 0x00000000e9500000, 0x00000000e9500000| Untracked 
| 150|0x00000000e9600000, 0x00000000e9600000, 0x00000000e9700000|  0%| F|  |TAMS 0x00000000e9600000, 0x00000000e9600000| Untracked 
| 151|0x00000000e9700000, 0x00000000e9700000, 0x00000000e9800000|  0%| F|  |TAMS 0x00000000e9700000, 0x00000000e9700000| Untracked 
| 152|0x00000000e9800000, 0x00000000e9800000, 0x00000000e9900000|  0%| F|  |TAMS 0x00000000e9800000, 0x00000000e9800000| Untracked 
| 153|0x00000000e9900000, 0x00000000e9900000, 0x00000000e9a00000|  0%| F|  |TAMS 0x00000000e9900000, 0x00000000e9900000| Untracked 
| 154|0x00000000e9a00000, 0x00000000e9a00000, 0x00000000e9b00000|  0%| F|  |TAMS 0x00000000e9a00000, 0x00000000e9a00000| Untracked 
| 155|0x00000000e9b00000, 0x00000000e9b00000, 0x00000000e9c00000|  0%| F|  |TAMS 0x00000000e9b00000, 0x00000000e9b00000| Untracked 
| 156|0x00000000e9c00000, 0x00000000e9c00000, 0x00000000e9d00000|  0%| F|  |TAMS 0x00000000e9c00000, 0x00000000e9c00000| Untracked 
| 157|0x00000000e9d00000, 0x00000000e9d00000, 0x00000000e9e00000|  0%| F|  |TAMS 0x00000000e9d00000, 0x00000000e9d00000| Untracked 
| 158|0x00000000e9e00000, 0x00000000e9e00000, 0x00000000e9f00000|  0%| F|  |TAMS 0x00000000e9e00000, 0x00000000e9e00000| Untracked 
| 159|0x00000000e9f00000, 0x00000000e9f00000, 0x00000000ea000000|  0%| F|  |TAMS 0x00000000e9f00000, 0x00000000e9f00000| Untracked 
| 160|0x00000000ea000000, 0x00000000ea000000, 0x00000000ea100000|  0%| F|  |TAMS 0x00000000ea000000, 0x00000000ea000000| Untracked 
| 161|0x00000000ea100000, 0x00000000ea100000, 0x00000000ea200000|  0%| F|  |TAMS 0x00000000ea100000, 0x00000000ea100000| Untracked 
| 162|0x00000000ea200000, 0x00000000ea200000, 0x00000000ea300000|  0%| F|  |TAMS 0x00000000ea200000, 0x00000000ea200000| Untracked 
| 163|0x00000000ea300000, 0x00000000ea300000, 0x00000000ea400000|  0%| F|  |TAMS 0x00000000ea300000, 0x00000000ea300000| Untracked 
| 164|0x00000000ea400000, 0x00000000ea400000, 0x00000000ea500000|  0%| F|  |TAMS 0x00000000ea400000, 0x00000000ea400000| Untracked 
| 165|0x00000000ea500000, 0x00000000ea500000, 0x00000000ea600000|  0%| F|  |TAMS 0x00000000ea500000, 0x00000000ea500000| Untracked 
| 166|0x00000000ea600000, 0x00000000ea600000, 0x00000000ea700000|  0%| F|  |TAMS 0x00000000ea600000, 0x00000000ea600000| Untracked 
| 167|0x00000000ea700000, 0x00000000ea700000, 0x00000000ea800000|  0%| F|  |TAMS 0x00000000ea700000, 0x00000000ea700000| Untracked 
| 168|0x00000000ea800000, 0x00000000ea800000, 0x00000000ea900000|  0%| F|  |TAMS 0x00000000ea800000, 0x00000000ea800000| Untracked 
| 169|0x00000000ea900000, 0x00000000ea900000, 0x00000000eaa00000|  0%| F|  |TAMS 0x00000000ea900000, 0x00000000ea900000| Untracked 
| 170|0x00000000eaa00000, 0x00000000eaa00000, 0x00000000eab00000|  0%| F|  |TAMS 0x00000000eaa00000, 0x00000000eaa00000| Untracked 
| 171|0x00000000eab00000, 0x00000000eab00000, 0x00000000eac00000|  0%| F|  |TAMS 0x00000000eab00000, 0x00000000eab00000| Untracked 
| 172|0x00000000eac00000, 0x00000000eac00000, 0x00000000ead00000|  0%| F|  |TAMS 0x00000000eac00000, 0x00000000eac00000| Untracked 
| 173|0x00000000ead00000, 0x00000000ead00000, 0x00000000eae00000|  0%| F|  |TAMS 0x00000000ead00000, 0x00000000ead00000| Untracked 
| 174|0x00000000eae00000, 0x00000000eae00000, 0x00000000eaf00000|  0%| F|  |TAMS 0x00000000eae00000, 0x00000000eae00000| Untracked 
| 175|0x00000000eaf00000, 0x00000000eaf00000, 0x00000000eb000000|  0%| F|  |TAMS 0x00000000eaf00000, 0x00000000eaf00000| Untracked 
| 176|0x00000000eb000000, 0x00000000eb000000, 0x00000000eb100000|  0%| F|  |TAMS 0x00000000eb000000, 0x00000000eb000000| Untracked 
| 177|0x00000000eb100000, 0x00000000eb100000, 0x00000000eb200000|  0%| F|  |TAMS 0x00000000eb100000, 0x00000000eb100000| Untracked 
| 178|0x00000000eb200000, 0x00000000eb200000, 0x00000000eb300000|  0%| F|  |TAMS 0x00000000eb200000, 0x00000000eb200000| Untracked 
| 179|0x00000000eb300000, 0x00000000eb300000, 0x00000000eb400000|  0%| F|  |TAMS 0x00000000eb300000, 0x00000000eb300000| Untracked 
| 180|0x00000000eb400000, 0x00000000eb400000, 0x00000000eb500000|  0%| F|  |TAMS 0x00000000eb400000, 0x00000000eb400000| Untracked 
| 181|0x00000000eb500000, 0x00000000eb500000, 0x00000000eb600000|  0%| F|  |TAMS 0x00000000eb500000, 0x00000000eb500000| Untracked 
| 182|0x00000000eb600000, 0x00000000eb600000, 0x00000000eb700000|  0%| F|  |TAMS 0x00000000eb600000, 0x00000000eb600000| Untracked 
| 183|0x00000000eb700000, 0x00000000eb700000, 0x00000000eb800000|  0%| F|  |TAMS 0x00000000eb700000, 0x00000000eb700000| Untracked 
| 184|0x00000000eb800000, 0x00000000eb800000, 0x00000000eb900000|  0%| F|  |TAMS 0x00000000eb800000, 0x00000000eb800000| Untracked 
| 185|0x00000000eb900000, 0x00000000eb900000, 0x00000000eba00000|  0%| F|  |TAMS 0x00000000eb900000, 0x00000000eb900000| Untracked 
| 186|0x00000000eba00000, 0x00000000eba00000, 0x00000000ebb00000|  0%| F|  |TAMS 0x00000000eba00000, 0x00000000eba00000| Untracked 
| 187|0x00000000ebb00000, 0x00000000ebb00000, 0x00000000ebc00000|  0%| F|  |TAMS 0x00000000ebb00000, 0x00000000ebb00000| Untracked 
| 188|0x00000000ebc00000, 0x00000000ebc00000, 0x00000000ebd00000|  0%| F|  |TAMS 0x00000000ebc00000, 0x00000000ebc00000| Untracked 
| 189|0x00000000ebd00000, 0x00000000ebd00000, 0x00000000ebe00000|  0%| F|  |TAMS 0x00000000ebd00000, 0x00000000ebd00000| Untracked 
| 190|0x00000000ebe00000, 0x00000000ebe00000, 0x00000000ebf00000|  0%| F|  |TAMS 0x00000000ebe00000, 0x00000000ebe00000| Untracked 
| 191|0x00000000ebf00000, 0x00000000ebf00000, 0x00000000ec000000|  0%| F|  |TAMS 0x00000000ebf00000, 0x00000000ebf00000| Untracked 
| 192|0x00000000ec000000, 0x00000000ec000000, 0x00000000ec100000|  0%| F|  |TAMS 0x00000000ec000000, 0x00000000ec000000| Untracked 
| 193|0x00000000ec100000, 0x00000000ec100000, 0x00000000ec200000|  0%| F|  |TAMS 0x00000000ec100000, 0x00000000ec100000| Untracked 
| 194|0x00000000ec200000, 0x00000000ec200000, 0x00000000ec300000|  0%| F|  |TAMS 0x00000000ec200000, 0x00000000ec200000| Untracked 
| 195|0x00000000ec300000, 0x00000000ec300000, 0x00000000ec400000|  0%| F|  |TAMS 0x00000000ec300000, 0x00000000ec300000| Untracked 
| 196|0x00000000ec400000, 0x00000000ec400000, 0x00000000ec500000|  0%| F|  |TAMS 0x00000000ec400000, 0x00000000ec400000| Untracked 
| 197|0x00000000ec500000, 0x00000000ec500000, 0x00000000ec600000|  0%| F|  |TAMS 0x00000000ec500000, 0x00000000ec500000| Untracked 
| 198|0x00000000ec600000, 0x00000000ec600000, 0x00000000ec700000|  0%| F|  |TAMS 0x00000000ec600000, 0x00000000ec600000| Untracked 
| 199|0x00000000ec700000, 0x00000000ec700000, 0x00000000ec800000|  0%| F|  |TAMS 0x00000000ec700000, 0x00000000ec700000| Untracked 
| 200|0x00000000ec800000, 0x00000000ec800000, 0x00000000ec900000|  0%| F|  |TAMS 0x00000000ec800000, 0x00000000ec800000| Untracked 
| 201|0x00000000ec900000, 0x00000000ec982a38, 0x00000000eca00000| 51%| E|  |TAMS 0x00000000ec900000, 0x00000000ec900000| Complete 
| 202|0x00000000eca00000, 0x00000000ecb00000, 0x00000000ecb00000|100%| E|CS|TAMS 0x00000000eca00000, 0x00000000eca00000| Complete 
| 203|0x00000000ecb00000, 0x00000000ecc00000, 0x00000000ecc00000|100%| E|CS|TAMS 0x00000000ecb00000, 0x00000000ecb00000| Complete 
| 204|0x00000000ecc00000, 0x00000000ecd00000, 0x00000000ecd00000|100%| E|CS|TAMS 0x00000000ecc00000, 0x00000000ecc00000| Complete 
| 205|0x00000000ecd00000, 0x00000000ece00000, 0x00000000ece00000|100%| E|CS|TAMS 0x00000000ecd00000, 0x00000000ecd00000| Complete 
| 206|0x00000000ece00000, 0x00000000ecf00000, 0x00000000ecf00000|100%| E|CS|TAMS 0x00000000ece00000, 0x00000000ece00000| Complete 
| 207|0x00000000ecf00000, 0x00000000ed000000, 0x00000000ed000000|100%| E|CS|TAMS 0x00000000ecf00000, 0x00000000ecf00000| Complete 
| 208|0x00000000ed000000, 0x00000000ed100000, 0x00000000ed100000|100%| E|CS|TAMS 0x00000000ed000000, 0x00000000ed000000| Complete 
| 209|0x00000000ed100000, 0x00000000ed200000, 0x00000000ed200000|100%| E|CS|TAMS 0x00000000ed100000, 0x00000000ed100000| Complete 
| 210|0x00000000ed200000, 0x00000000ed300000, 0x00000000ed300000|100%| E|CS|TAMS 0x00000000ed200000, 0x00000000ed200000| Complete 
| 211|0x00000000ed300000, 0x00000000ed400000, 0x00000000ed400000|100%| E|CS|TAMS 0x00000000ed300000, 0x00000000ed300000| Complete 
| 212|0x00000000ed400000, 0x00000000ed500000, 0x00000000ed500000|100%| E|CS|TAMS 0x00000000ed400000, 0x00000000ed400000| Complete 
| 213|0x00000000ed500000, 0x00000000ed600000, 0x00000000ed600000|100%| E|CS|TAMS 0x00000000ed500000, 0x00000000ed500000| Complete 
| 214|0x00000000ed600000, 0x00000000ed700000, 0x00000000ed700000|100%| E|CS|TAMS 0x00000000ed600000, 0x00000000ed600000| Complete 
| 215|0x00000000ed700000, 0x00000000ed800000, 0x00000000ed800000|100%| E|CS|TAMS 0x00000000ed700000, 0x00000000ed700000| Complete 
| 216|0x00000000ed800000, 0x00000000ed900000, 0x00000000ed900000|100%| E|CS|TAMS 0x00000000ed800000, 0x00000000ed800000| Complete 
| 217|0x00000000ed900000, 0x00000000eda00000, 0x00000000eda00000|100%| E|CS|TAMS 0x00000000ed900000, 0x00000000ed900000| Complete 
| 218|0x00000000eda00000, 0x00000000edb00000, 0x00000000edb00000|100%| E|CS|TAMS 0x00000000eda00000, 0x00000000eda00000| Complete 
| 219|0x00000000edb00000, 0x00000000edc00000, 0x00000000edc00000|100%| E|CS|TAMS 0x00000000edb00000, 0x00000000edb00000| Complete 
| 220|0x00000000edc00000, 0x00000000edd00000, 0x00000000edd00000|100%| E|CS|TAMS 0x00000000edc00000, 0x00000000edc00000| Complete 
| 221|0x00000000edd00000, 0x00000000ede00000, 0x00000000ede00000|100%| E|CS|TAMS 0x00000000edd00000, 0x00000000edd00000| Complete 
| 222|0x00000000ede00000, 0x00000000edf00000, 0x00000000edf00000|100%| E|CS|TAMS 0x00000000ede00000, 0x00000000ede00000| Complete 
| 223|0x00000000edf00000, 0x00000000ee000000, 0x00000000ee000000|100%| E|CS|TAMS 0x00000000edf00000, 0x00000000edf00000| Complete 
| 224|0x00000000ee000000, 0x00000000ee100000, 0x00000000ee100000|100%| E|CS|TAMS 0x00000000ee000000, 0x00000000ee000000| Complete 
| 225|0x00000000ee100000, 0x00000000ee200000, 0x00000000ee200000|100%| E|CS|TAMS 0x00000000ee100000, 0x00000000ee100000| Complete 
| 226|0x00000000ee200000, 0x00000000ee300000, 0x00000000ee300000|100%| E|CS|TAMS 0x00000000ee200000, 0x00000000ee200000| Complete 
| 227|0x00000000ee300000, 0x00000000ee400000, 0x00000000ee400000|100%| E|CS|TAMS 0x00000000ee300000, 0x00000000ee300000| Complete 
| 228|0x00000000ee400000, 0x00000000ee500000, 0x00000000ee500000|100%| E|CS|TAMS 0x00000000ee400000, 0x00000000ee400000| Complete 
| 229|0x00000000ee500000, 0x00000000ee5c48e8, 0x00000000ee600000| 76%| S|CS|TAMS 0x00000000ee500000, 0x00000000ee500000| Complete 
| 230|0x00000000ee600000, 0x00000000ee700000, 0x00000000ee700000|100%| S|CS|TAMS 0x00000000ee600000, 0x00000000ee600000| Complete 
| 231|0x00000000ee700000, 0x00000000ee800000, 0x00000000ee800000|100%| S|CS|TAMS 0x00000000ee700000, 0x00000000ee700000| Complete 
| 232|0x00000000ee800000, 0x00000000ee900000, 0x00000000ee900000|100%| E|CS|TAMS 0x00000000ee800000, 0x00000000ee800000| Complete 
| 233|0x00000000ee900000, 0x00000000eea00000, 0x00000000eea00000|100%| E|CS|TAMS 0x00000000ee900000, 0x00000000ee900000| Complete 
| 234|0x00000000eea00000, 0x00000000eeb00000, 0x00000000eeb00000|100%| E|CS|TAMS 0x00000000eea00000, 0x00000000eea00000| Complete 
| 235|0x00000000eeb00000, 0x00000000eec00000, 0x00000000eec00000|100%| E|CS|TAMS 0x00000000eeb00000, 0x00000000eeb00000| Complete 
| 236|0x00000000eec00000, 0x00000000eed00000, 0x00000000eed00000|100%| E|CS|TAMS 0x00000000eec00000, 0x00000000eec00000| Complete 
| 237|0x00000000eed00000, 0x00000000eee00000, 0x00000000eee00000|100%| E|CS|TAMS 0x00000000eed00000, 0x00000000eed00000| Complete 
| 238|0x00000000eee00000, 0x00000000eef00000, 0x00000000eef00000|100%| E|CS|TAMS 0x00000000eee00000, 0x00000000eee00000| Complete 
| 239|0x00000000eef00000, 0x00000000ef000000, 0x00000000ef000000|100%| E|CS|TAMS 0x00000000eef00000, 0x00000000eef00000| Complete 
| 240|0x00000000ef000000, 0x00000000ef100000, 0x00000000ef100000|100%| E|CS|TAMS 0x00000000ef000000, 0x00000000ef000000| Complete 
| 241|0x00000000ef100000, 0x00000000ef200000, 0x00000000ef200000|100%| E|CS|TAMS 0x00000000ef100000, 0x00000000ef100000| Complete 
| 242|0x00000000ef200000, 0x00000000ef300000, 0x00000000ef300000|100%| E|CS|TAMS 0x00000000ef200000, 0x00000000ef200000| Complete 
| 243|0x00000000ef300000, 0x00000000ef400000, 0x00000000ef400000|100%| E|CS|TAMS 0x00000000ef300000, 0x00000000ef300000| Complete 
| 244|0x00000000ef400000, 0x00000000ef500000, 0x00000000ef500000|100%| E|CS|TAMS 0x00000000ef400000, 0x00000000ef400000| Complete 
| 245|0x00000000ef500000, 0x00000000ef600000, 0x00000000ef600000|100%| E|CS|TAMS 0x00000000ef500000, 0x00000000ef500000| Complete 
| 246|0x00000000ef600000, 0x00000000ef700000, 0x00000000ef700000|100%| E|CS|TAMS 0x00000000ef600000, 0x00000000ef600000| Complete 
| 247|0x00000000ef700000, 0x00000000ef800000, 0x00000000ef800000|100%| E|CS|TAMS 0x00000000ef700000, 0x00000000ef700000| Complete 
| 248|0x00000000ef800000, 0x00000000ef900000, 0x00000000ef900000|100%| E|CS|TAMS 0x00000000ef800000, 0x00000000ef800000| Complete 
| 249|0x00000000ef900000, 0x00000000efa00000, 0x00000000efa00000|100%| E|CS|TAMS 0x00000000ef900000, 0x00000000ef900000| Complete 
| 250|0x00000000efa00000, 0x00000000efb00000, 0x00000000efb00000|100%| E|CS|TAMS 0x00000000efa00000, 0x00000000efa00000| Complete 
| 251|0x00000000efb00000, 0x00000000efc00000, 0x00000000efc00000|100%| E|CS|TAMS 0x00000000efb00000, 0x00000000efb00000| Complete 
| 252|0x00000000efc00000, 0x00000000efd00000, 0x00000000efd00000|100%| E|CS|TAMS 0x00000000efc00000, 0x00000000efc00000| Complete 
| 253|0x00000000efd00000, 0x00000000efe00000, 0x00000000efe00000|100%| E|CS|TAMS 0x00000000efd00000, 0x00000000efd00000| Complete 
| 254|0x00000000efe00000, 0x00000000eff00000, 0x00000000eff00000|100%| E|CS|TAMS 0x00000000efe00000, 0x00000000efe00000| Complete 
| 255|0x00000000eff00000, 0x00000000f0000000, 0x00000000f0000000|100%| E|CS|TAMS 0x00000000eff00000, 0x00000000eff00000| Complete 

Card table byte_map: [0x0000025478940000,0x0000025478a40000] _byte_map_base: 0x0000025478240000

Marking Bits (Prev, Next): (CMBitMap*) 0x000002547111d040, (CMBitMap*) 0x000002547111d080
 Prev Bits: [0x0000025478b40000, 0x0000025479340000)
 Next Bits: [0x0000025479340000, 0x0000025479b40000)

Polling page: 0x000002546ef70000

Metaspace:

Usage:
  Non-class:     11.87 MB used.
      Class:      1.99 MB used.
       Both:     13.86 MB used.

Virtual space:
  Non-class space:       16.00 MB reserved,      12.00 MB ( 75%) committed,  2 nodes.
      Class space:      208.00 MB reserved,       2.12 MB (  1%) committed,  1 nodes.
             Both:      224.00 MB reserved,      14.12 MB (  6%) committed. 

Chunk freelists:
   Non-Class:  3.77 MB
       Class:  1.84 MB
        Both:  5.61 MB

MaxMetaspaceSize: 256.00 MB
CompressedClassSpaceSize: 208.00 MB
Initial GC threshold: 21.00 MB
Current GC threshold: 21.00 MB
CDS: on
MetaspaceReclaimPolicy: balanced
 - commit_granule_bytes: 65536.
 - commit_granule_words: 8192.
 - virtual_space_node_default_size: 1048576.
 - enlarge_chunks_in_place: 1.
 - new_chunks_are_fully_committed: 0.
 - uncommit_free_chunks: 1.
 - use_allocation_guard: 0.
 - handle_deallocations: 1.


Internal statistics:

num_allocs_failed_limit: 0.
num_arena_births: 168.
num_arena_deaths: 0.
num_vsnodes_births: 3.
num_vsnodes_deaths: 0.
num_space_committed: 226.
num_space_uncommitted: 0.
num_chunks_returned_to_freelist: 0.
num_chunks_taken_from_freelist: 611.
num_chunk_merges: 0.
num_chunk_splits: 405.
num_chunks_enlarged: 293.
num_purges: 0.
num_inconsistent_stats: 0.

CodeHeap 'non-profiled nmethods': size=120000Kb used=1019Kb max_used=1019Kb free=118980Kb
 bounds [0x0000025407ad0000, 0x0000025407d40000, 0x000002540f000000]
CodeHeap 'profiled nmethods': size=120000Kb used=4414Kb max_used=4414Kb free=115585Kb
 bounds [0x00000254005a0000, 0x00000254009f0000, 0x0000025407ad0000]
CodeHeap 'non-nmethods': size=5760Kb used=1209Kb max_used=1222Kb free=4550Kb
 bounds [0x0000025400000000, 0x0000025400270000, 0x00000254005a0000]
 total_blobs=2660 nmethods=2142 adapters=431
 compilation: enabled
              stopped_count=0, restarted_count=0
 full_count=0

Compilation events (20 events):
Event: 7.809 Thread 0x000002547c0f8f20 2113       3       jdk.internal.misc.Unsafe::checkOffset (32 bytes)
Event: 7.809 Thread 0x000002547c0f8f20 nmethod 2113 0x00000254009de990 code [0x00000254009deb40, 0x00000254009dedc8]
Event: 7.815 Thread 0x000002547c0f8f20 2116       3       jdk.internal.misc.Unsafe::weakCompareAndSetInt (11 bytes)
Event: 7.815 Thread 0x000002547c0f8f20 nmethod 2116 0x00000254009def10 code [0x00000254009df0a0, 0x00000254009df1d8]
Event: 7.830 Thread 0x000002547c0f8f20 2118       3       java.lang.StringLatin1::indexOf (25 bytes)
Event: 7.830 Thread 0x000002547c0f8f20 nmethod 2118 0x00000254009df290 code [0x00000254009df440, 0x00000254009df648]
Event: 7.831 Thread 0x000002547c0f8f20 2119       3       java.util.concurrent.locks.ReentrantLock::unlock (10 bytes)
Event: 7.831 Thread 0x000002547c0f8f20 nmethod 2119 0x00000254009df710 code [0x00000254009df8e0, 0x00000254009dfbb8]
Event: 7.841 Thread 0x000002547c0f8f20 2120       3       java.lang.invoke.DirectMethodHandle::preparedLambdaForm (31 bytes)
Event: 7.841 Thread 0x000002547c0f8f20 nmethod 2120 0x00000254009dfd10 code [0x00000254009dff00, 0x00000254009e03a8]
Event: 7.841 Thread 0x000002547c0f8f20 2122       3       jdk.internal.org.objectweb.asm.Type::getArgumentTypes (154 bytes)
Event: 7.844 Thread 0x000002547c0f8f20 nmethod 2122 0x00000254009e0590 code [0x00000254009e0a60, 0x00000254009e3308]
Event: 7.844 Thread 0x000002547c0f8f20 2124       3       jdk.internal.misc.CDS::isDumpingArchive (4 bytes)
Event: 7.844 Thread 0x000002547c0f8f20 nmethod 2124 0x00000254009e4210 code [0x00000254009e43a0, 0x00000254009e4498]
Event: 7.844 Thread 0x000002547c0f8f20 2123       1       java.lang.invoke.DirectMethodHandle::isCrackable (5 bytes)
Event: 7.844 Thread 0x000002547c0f8f20 nmethod 2123 0x0000025407bcd410 code [0x0000025407bcd5a0, 0x0000025407bcd678]
Event: 7.845 Thread 0x000002547c0f8f20 2125   !   3       jdk.internal.reflect.NativeConstructorAccessorImpl::newInstance (122 bytes)
Event: 7.846 Thread 0x000002547c0f8f20 nmethod 2125 0x00000254009e4510 code [0x00000254009e4760, 0x00000254009e5348]
Event: 7.854 Thread 0x000002547c0f8f20 2127       3       jdk.internal.misc.Unsafe::getIntUnaligned (12 bytes)
Event: 7.854 Thread 0x000002547c0f8f20 nmethod 2127 0x00000254009e5810 code [0x00000254009e59c0, 0x00000254009e5c18]

GC Heap History (6 events):
Event: 1.604 GC heap before
{Heap before GC invocations=0 (full 0):
 garbage-first heap   total 262144K, used 15360K [0x00000000e0000000, 0x0000000100000000)
  region size 1024K, 13 young (13312K), 0 survivors (0K)
 Metaspace       used 969K, committed 1088K, reserved 221184K
  class space    used 75K, committed 128K, reserved 212992K
}
Event: 1.625 GC heap after
{Heap after GC invocations=1 (full 0):
 garbage-first heap   total 262144K, used 3755K [0x00000000e0000000, 0x0000000100000000)
  region size 1024K, 2 young (2048K), 2 survivors (2048K)
 Metaspace       used 969K, committed 1088K, reserved 221184K
  class space    used 75K, committed 128K, reserved 212992K
}
Event: 3.243 GC heap before
{Heap before GC invocations=1 (full 0):
 garbage-first heap   total 262144K, used 22187K [0x00000000e0000000, 0x0000000100000000)
  region size 1024K, 17 young (17408K), 2 survivors (2048K)
 Metaspace       used 3808K, committed 4032K, reserved 221184K
  class space    used 474K, committed 576K, reserved 212992K
}
Event: 3.248 GC heap after
{Heap after GC invocations=2 (full 0):
 garbage-first heap   total 262144K, used 9646K [0x00000000e0000000, 0x0000000100000000)
  region size 1024K, 3 young (3072K), 3 survivors (3072K)
 Metaspace       used 3808K, committed 4032K, reserved 221184K
  class space    used 474K, committed 576K, reserved 212992K
}
Event: 4.631 GC heap before
{Heap before GC invocations=2 (full 0):
 garbage-first heap   total 262144K, used 31150K [0x00000000e0000000, 0x0000000100000000)
  region size 1024K, 24 young (24576K), 3 survivors (3072K)
 Metaspace       used 3910K, committed 4096K, reserved 221184K
  class space    used 475K, committed 576K, reserved 212992K
}
Event: 4.634 GC heap after
{Heap after GC invocations=3 (full 0):
 garbage-first heap   total 262144K, used 12199K [0x00000000e0000000, 0x0000000100000000)
  region size 1024K, 3 young (3072K), 3 survivors (3072K)
 Metaspace       used 3910K, committed 4096K, reserved 221184K
  class space    used 475K, committed 576K, reserved 212992K
}

Deoptimization events (20 events):
Event: 7.390 Thread 0x000002547e267880 Uncommon trap: trap_request=0xffffff45 fr.pc=0x0000025407b6fd3c relative=0x000000000000071c
Event: 7.390 Thread 0x000002547e267880 Uncommon trap: reason=unstable_if action=reinterpret pc=0x0000025407b6fd3c method=java.util.ArrayList.grow(I)[Ljava/lang/Object; @ 17 c2
Event: 7.390 Thread 0x000002547e267880 DEOPT PACKING pc=0x0000025407b6fd3c sp=0x000000a7318fd2b0
Event: 7.391 Thread 0x000002547e267880 DEOPT UNPACKING pc=0x00000254000523a3 sp=0x000000a7318fd148 mode 2
Event: 7.549 Thread 0x000002547e267880 Uncommon trap: trap_request=0xffffff45 fr.pc=0x0000025407ae9f90 relative=0x0000000000000a90
Event: 7.549 Thread 0x000002547e267880 Uncommon trap: reason=unstable_if action=reinterpret pc=0x0000025407ae9f90 method=java.io.WinNTFileSystem.resolve(Ljava/lang/String;Ljava/lang/String;)Ljava/lang/String; @ 19 c2
Event: 7.549 Thread 0x000002547e267880 DEOPT PACKING pc=0x0000025407ae9f90 sp=0x000000a7318fd1c0
Event: 7.549 Thread 0x000002547e267880 DEOPT UNPACKING pc=0x00000254000523a3 sp=0x000000a7318fd168 mode 2
Event: 7.551 Thread 0x000002547e267880 Uncommon trap: trap_request=0xffffff45 fr.pc=0x0000025407b44b40 relative=0x00000000000005a0
Event: 7.551 Thread 0x000002547e267880 Uncommon trap: reason=unstable_if action=reinterpret pc=0x0000025407b44b40 method=java.io.File.getName()Ljava/lang/String; @ 16 c2
Event: 7.551 Thread 0x000002547e267880 DEOPT PACKING pc=0x0000025407b44b40 sp=0x000000a7318fd160
Event: 7.551 Thread 0x000002547e267880 DEOPT UNPACKING pc=0x00000254000523a3 sp=0x000000a7318fd130 mode 2
Event: 7.762 Thread 0x000002547e267880 Uncommon trap: trap_request=0xffffff45 fr.pc=0x0000025407bc3b78 relative=0x0000000000000338
Event: 7.762 Thread 0x000002547e267880 Uncommon trap: reason=unstable_if action=reinterpret pc=0x0000025407bc3b78 method=java.lang.invoke.VarHandle.getTypesAndInvokers()Ljava/lang/invoke/VarHandle$TypesAndInvokers; @ 6 c2
Event: 7.762 Thread 0x000002547e267880 DEOPT PACKING pc=0x0000025407bc3b78 sp=0x000000a7318faf40
Event: 7.763 Thread 0x000002547e267880 DEOPT UNPACKING pc=0x00000254000523a3 sp=0x000000a7318fadd0 mode 2
Event: 7.763 Thread 0x000002547e267880 Uncommon trap: trap_request=0xffffff45 fr.pc=0x0000025407bc3574 relative=0x0000000000000074
Event: 7.763 Thread 0x000002547e267880 Uncommon trap: reason=unstable_if action=reinterpret pc=0x0000025407bc3574 method=jdk.internal.misc.Unsafe.convEndian(ZI)I @ 4 c2
Event: 7.763 Thread 0x000002547e267880 DEOPT PACKING pc=0x0000025407bc3574 sp=0x000000a7318fae60
Event: 7.763 Thread 0x000002547e267880 DEOPT UNPACKING pc=0x00000254000523a3 sp=0x000000a7318fad68 mode 2

Classes unloaded (0 events):
No events

Classes redefined (0 events):
No events

Internal exceptions (20 events):
Event: 5.569 Thread 0x00000254710fa6b0 Exception <a 'java/lang/NoSuchMethodError'{0x00000000eed4fc78}: 'java.lang.Object java.lang.invoke.DirectMethodHandle$Holder.invokeStaticInit(java.lang.Object, int, int, int, int)'> (0x00000000eed4fc78) 
thrown [t:\workspace\open\src\hotspot\share\interpreter\linkResolver.cpp, line 766]
Event: 5.793 Thread 0x00000254710fa6b0 Exception <a 'java/lang/NoSuchMethodError'{0x00000000eedc5040}: 'java.lang.Object java.lang.invoke.DirectMethodHandle$Holder.invokeStaticInit(java.lang.Object, java.lang.Object, int, int, int, int)'> (0x00000000eedc5040) 
thrown [t:\workspace\open\src\hotspot\share\interpreter\linkResolver.cpp, line 766]
Event: 6.157 Thread 0x00000254710fa6b0 Exception <a 'java/lang/NoSuchMethodError'{0x00000000eeb4fac8}: 'void java.lang.invoke.DirectMethodHandle$Holder.invokeStatic(java.lang.Object, java.lang.Object, java.lang.Object)'> (0x00000000eeb4fac8) 
thrown [t:\workspace\open\src\hotspot\share\interpreter\linkResolver.cpp, line 766]
Event: 6.187 Thread 0x00000254710fa6b0 Exception <a 'java/io/IOException'{0x00000000eebec420}> (0x00000000eebec420) 
thrown [t:\workspace\open\src\hotspot\share\prims\jni.cpp, line 516]
Event: 6.572 Thread 0x000002547e268bc0 Exception <a 'java/lang/NoSuchMethodError'{0x00000000ee451408}: static Lorg/gradle/tooling/internal/provider/serialization/ClassLoaderDetails;.<clinit>()V> (0x00000000ee451408) 
thrown [t:\workspace\open\src\hotspot\share\prims\jni.cpp, line 1107]
Event: 6.575 Thread 0x000002547e268bc0 Exception <a 'java/lang/NoSuchMethodError'{0x00000000ee467c90}: static Lorg/gradle/internal/classloader/ClassLoaderSpec;.<clinit>()V> (0x00000000ee467c90) 
thrown [t:\workspace\open\src\hotspot\share\prims\jni.cpp, line 1107]
Event: 6.577 Thread 0x000002547e268bc0 Exception <a 'java/lang/NoSuchMethodError'{0x00000000ee470c78}: static Lorg/gradle/tooling/internal/provider/serialization/WellKnownClassLoaderRegistry$KnownClassLoaderSpec;.<clinit>()V> (0x00000000ee470c78) 
thrown [t:\workspace\open\src\hotspot\share\prims\jni.cpp, line 1107]
Event: 6.580 Thread 0x000002547e268bc0 Exception <a 'java/lang/NoSuchMethodError'{0x00000000ee485548}: static Lorg/gradle/tooling/internal/provider/serialization/ClientOwnedClassLoaderSpec;.<clinit>()V> (0x00000000ee485548) 
thrown [t:\workspace\open\src\hotspot\share\prims\jni.cpp, line 1107]
Event: 6.684 Thread 0x000002547e267880 Exception <a 'java/lang/NoSuchMethodError'{0x00000000ee11c918}: 'long java.lang.invoke.DirectMethodHandle$Holder.invokeInterface(java.lang.Object, java.lang.Object)'> (0x00000000ee11c918) 
thrown [t:\workspace\open\src\hotspot\share\interpreter\linkResolver.cpp, line 766]
Event: 6.688 Thread 0x000002547e267880 Exception <a 'java/lang/NoSuchMethodError'{0x00000000ee12aeb0}: 'void java.lang.invoke.DelegatingMethodHandle$Holder.reinvoke_L(java.lang.Object, java.lang.Object, java.lang.Object, java.lang.Object, java.lang.Object, java.lang.Object, java.lang.Object)'> (0x00000000ee12aeb0) 
thrown [t:\workspace\open\src\hotspot\share\interpreter\linkResolver.cpp, line 766]
Event: 6.874 Thread 0x000002547e267880 Exception <a 'java/lang/NoSuchMethodError'{0x00000000edd5a8b0}: 'void java.lang.invoke.DirectMethodHandle$Holder.invokeStaticInit(java.lang.Object)'> (0x00000000edd5a8b0) 
thrown [t:\workspace\open\src\hotspot\share\interpreter\linkResolver.cpp, line 766]
Event: 6.877 Thread 0x000002547e267880 Exception <a 'java/lang/NoSuchMethodError'{0x00000000edd6e440}: 'void java.lang.invoke.DirectMethodHandle$Holder.invokeSpecial(java.lang.Object, java.lang.Object, java.lang.Object)'> (0x00000000edd6e440) 
thrown [t:\workspace\open\src\hotspot\share\interpreter\linkResolver.cpp, line 766]
Event: 6.973 Thread 0x000002547e267880 Exception <a 'java/lang/NoSuchMethodError'{0x00000000edc06910}: 'java.lang.Object java.lang.invoke.DirectMethodHandle$Holder.newInvokeSpecial(java.lang.Object, java.lang.Object, java.lang.Object, int)'> (0x00000000edc06910) 
thrown [t:\workspace\open\src\hotspot\share\interpreter\linkResolver.cpp, line 766]
Event: 6.974 Thread 0x000002547e267880 Exception <a 'java/lang/NoSuchMethodError'{0x00000000edc0b240}: 'java.lang.Object java.lang.invoke.DirectMethodHandle$Holder.invokeSpecial(java.lang.Object, java.lang.Object, java.lang.Object, java.lang.Object, int)'> (0x00000000edc0b240) 
thrown [t:\workspace\open\src\hotspot\share\interpreter\linkResolver.cpp, line 766]
Event: 6.974 Thread 0x000002547e267880 Exception <a 'java/lang/NoSuchMethodError'{0x00000000edc0f358}: 'java.lang.Object java.lang.invoke.Invokers$Holder.linkToTargetMethod(java.lang.Object, java.lang.Object, int, java.lang.Object)'> (0x00000000edc0f358) 
thrown [t:\workspace\open\src\hotspot\share\interpreter\linkResolver.cpp, line 766]
Event: 7.605 Thread 0x000002547e267880 Exception <a 'java/lang/NoSuchMethodError'{0x00000000ed50dc90}: 'java.lang.Object java.lang.invoke.DirectMethodHandle$Holder.newInvokeSpecial(java.lang.Object, java.lang.Object, java.lang.Object, java.lang.Object, java.lang.Object, java.lang.Object)'> (0x00000000ed50dc90) 
thrown [t:\workspace\open\src\hotspot\share\interpreter\linkResolver.cpp, line 766]
Event: 7.762 Thread 0x000002547e267880 Implicit null exception at 0x0000025407bc3875 to 0x0000025407bc3b50
Event: 7.839 Thread 0x000002547e267880 Exception <a 'java/lang/NoSuchMethodError'{0x00000000eceb4f98}: 'int java.lang.invoke.DirectMethodHandle$Holder.invokeSpecialIFC(java.lang.Object, java.lang.Object, java.lang.Object, java.lang.Object)'> (0x00000000eceb4f98) 
thrown [t:\workspace\open\src\hotspot\share\interpreter\linkResolver.cpp, line 766]
Event: 7.841 Thread 0x000002547e267880 Exception <a 'java/lang/NoSuchMethodError'{0x00000000ecec3f70}: 'java.lang.Object java.lang.invoke.DirectMethodHandle$Holder.invokeInterface(java.lang.Object, java.lang.Object, java.lang.Object)'> (0x00000000ecec3f70) 
thrown [t:\workspace\open\src\hotspot\share\interpreter\linkResolver.cpp, line 766]
Event: 7.841 Thread 0x000002547e267880 Exception <a 'java/lang/IncompatibleClassChangeError'{0x00000000ecec7e48}: Found class java.lang.Object, but interface was expected> (0x00000000ecec7e48) 
thrown [t:\workspace\open\src\hotspot\share\interpreter\linkResolver.cpp, line 833]

VM Operations (20 events):
Event: 5.246 Executing VM operation: HandshakeAllThreads
Event: 5.246 Executing VM operation: HandshakeAllThreads done
Event: 5.422 Executing VM operation: HandshakeAllThreads
Event: 5.422 Executing VM operation: HandshakeAllThreads done
Event: 5.524 Executing VM operation: HandshakeAllThreads
Event: 5.524 Executing VM operation: HandshakeAllThreads done
Event: 5.675 Executing VM operation: HandshakeAllThreads
Event: 5.675 Executing VM operation: HandshakeAllThreads done
Event: 5.675 Executing VM operation: Cleanup
Event: 5.675 Executing VM operation: Cleanup done
Event: 6.155 Executing VM operation: HandshakeAllThreads
Event: 6.155 Executing VM operation: HandshakeAllThreads done
Event: 6.361 Executing VM operation: HandshakeAllThreads
Event: 6.361 Executing VM operation: HandshakeAllThreads done
Event: 7.375 Executing VM operation: Cleanup
Event: 7.376 Executing VM operation: Cleanup done
Event: 7.617 Executing VM operation: HandshakeAllThreads
Event: 7.617 Executing VM operation: HandshakeAllThreads done
Event: 7.617 Executing VM operation: HandshakeAllThreads
Event: 7.617 Executing VM operation: HandshakeAllThreads done

Events (20 events):
Event: 7.828 loading class java/nio/file/attribute/PosixFilePermission
Event: 7.829 loading class java/nio/file/attribute/PosixFilePermission done
Event: 7.829 loading class java/nio/file/NoSuchFileException
Event: 7.829 loading class java/nio/file/FileSystemException
Event: 7.830 loading class java/nio/file/FileSystemException done
Event: 7.830 loading class java/nio/file/NoSuchFileException done
Event: 7.830 loading class java/nio/file/attribute/PosixFilePermissions
Event: 7.831 loading class java/nio/file/attribute/PosixFilePermissions done
Event: 7.831 loading class java/nio/file/attribute/PosixFilePermissions$1
Event: 7.831 loading class java/nio/file/attribute/PosixFilePermissions$1 done
Event: 7.835 loading class java/util/concurrent/locks/ReadWriteLock
Event: 7.835 loading class java/util/concurrent/locks/ReadWriteLock done
Event: 7.837 loading class java/nio/file/FileVisitOption
Event: 7.837 loading class java/nio/file/FileVisitOption done
Event: 7.842 loading class java/util/stream/ReduceOps$1
Event: 7.842 loading class java/util/stream/ReduceOps$1 done
Event: 7.842 loading class java/util/stream/ReduceOps$1ReducingSink
Event: 7.842 loading class java/util/stream/ReduceOps$1ReducingSink done
Event: 7.843 loading class java/lang/invoke/MethodHandle$1
Event: 7.843 loading class java/lang/invoke/MethodHandle$1 done


Dynamic libraries:
0x00007ff698420000 - 0x00007ff69842e000 	E:\Aplicaciones\jdk-17.0.2\bin\java.exe
0x00007ffcfc9d0000 - 0x00007ffcfcbc8000 	C:\Windows\SYSTEM32\ntdll.dll
0x00007ffcfb670000 - 0x00007ffcfb732000 	C:\Windows\System32\KERNEL32.DLL
0x00007ffcfa580000 - 0x00007ffcfa876000 	C:\Windows\System32\KERNELBASE.dll
0x00007ffcfa900000 - 0x00007ffcfaa00000 	C:\Windows\System32\ucrtbase.dll
0x00007ffce2c10000 - 0x00007ffce2c28000 	E:\Aplicaciones\jdk-17.0.2\bin\jli.dll
0x00007ffce3110000 - 0x00007ffce312a000 	E:\Aplicaciones\jdk-17.0.2\bin\VCRUNTIME140.dll
0x00007ffcfc6c0000 - 0x00007ffcfc85d000 	C:\Windows\System32\USER32.dll
0x00007ffce36e0000 - 0x00007ffce397a000 	C:\Windows\WinSxS\amd64_microsoft.windows.common-controls_6595b64144ccf1df_6.0.19041.5794_none_60bcd33171f2783c\COMCTL32.dll
0x00007ffcfa310000 - 0x00007ffcfa332000 	C:\Windows\System32\win32u.dll
0x00007ffcfbe00000 - 0x00007ffcfbe2b000 	C:\Windows\System32\GDI32.dll
0x00007ffcfa070000 - 0x00007ffcfa18a000 	C:\Windows\System32\gdi32full.dll
0x00007ffcfbc50000 - 0x00007ffcfbcee000 	C:\Windows\System32\msvcrt.dll
0x00007ffcfa190000 - 0x00007ffcfa22d000 	C:\Windows\System32\msvcp_win.dll
0x00007ffcfab90000 - 0x00007ffcfabbf000 	C:\Windows\System32\IMM32.DLL
0x00007ffcf5a50000 - 0x00007ffcf5a5c000 	E:\Aplicaciones\jdk-17.0.2\bin\vcruntime140_1.dll
0x00007ffcc6d70000 - 0x00007ffcc6dfd000 	E:\Aplicaciones\jdk-17.0.2\bin\msvcp140.dll
0x00007ffc82aa0000 - 0x00007ffc83661000 	E:\Aplicaciones\jdk-17.0.2\bin\server\jvm.dll
0x00007ffcfbd50000 - 0x00007ffcfbdff000 	C:\Windows\System32\ADVAPI32.dll
0x00007ffcfc8f0000 - 0x00007ffcfc98f000 	C:\Windows\System32\sechost.dll
0x00007ffcfac50000 - 0x00007ffcfad73000 	C:\Windows\System32\RPCRT4.dll
0x00007ffcfa230000 - 0x00007ffcfa257000 	C:\Windows\System32\bcrypt.dll
0x00007ffcfb400000 - 0x00007ffcfb408000 	C:\Windows\System32\PSAPI.DLL
0x00007ffceeea0000 - 0x00007ffceeec7000 	C:\Windows\SYSTEM32\WINMM.dll
0x00007ffcf1de0000 - 0x00007ffcf1dea000 	C:\Windows\SYSTEM32\VERSION.dll
0x00007ffce1fd0000 - 0x00007ffce1fd9000 	C:\Windows\SYSTEM32\WSOCK32.dll
0x00007ffcfb550000 - 0x00007ffcfb5bb000 	C:\Windows\System32\WS2_32.dll
0x00007ffcf7eb0000 - 0x00007ffcf7ec2000 	C:\Windows\SYSTEM32\kernel.appcore.dll
0x00007ffce2c00000 - 0x00007ffce2c0a000 	E:\Aplicaciones\jdk-17.0.2\bin\jimage.dll
0x00007ffcf0e90000 - 0x00007ffcf1091000 	C:\Windows\SYSTEM32\DBGHELP.DLL
0x00007ffcdf400000 - 0x00007ffcdf434000 	C:\Windows\SYSTEM32\dbgcore.DLL
0x00007ffcfa390000 - 0x00007ffcfa412000 	C:\Windows\System32\bcryptPrimitives.dll
0x00007ffcdc1c0000 - 0x00007ffcdc1e5000 	E:\Aplicaciones\jdk-17.0.2\bin\java.dll
0x00007ffcc57f0000 - 0x00007ffcc58c6000 	E:\Aplicaciones\jdk-17.0.2\bin\jsvml.dll
0x00007ffcfbf50000 - 0x00007ffcfc6be000 	C:\Windows\System32\SHELL32.dll
0x00007ffcf80b0000 - 0x00007ffcf8853000 	C:\Windows\SYSTEM32\windows.storage.dll
0x00007ffcfb8f0000 - 0x00007ffcfbc43000 	C:\Windows\System32\combase.dll
0x00007ffcf99d0000 - 0x00007ffcf99fb000 	C:\Windows\SYSTEM32\Wldp.dll
0x00007ffcfae60000 - 0x00007ffcfaf2d000 	C:\Windows\System32\OLEAUT32.dll
0x00007ffcfb4a0000 - 0x00007ffcfb54d000 	C:\Windows\System32\SHCORE.dll
0x00007ffcfb440000 - 0x00007ffcfb495000 	C:\Windows\System32\shlwapi.dll
0x00007ffcf9fa0000 - 0x00007ffcf9fc5000 	C:\Windows\SYSTEM32\profapi.dll
0x00007ffcdc220000 - 0x00007ffcdc239000 	E:\Aplicaciones\jdk-17.0.2\bin\net.dll
0x00007ffcf1160000 - 0x00007ffcf126a000 	C:\Windows\SYSTEM32\WINHTTP.dll
0x00007ffcf9710000 - 0x00007ffcf977c000 	C:\Windows\system32\mswsock.dll
0x00007ffcdc1a0000 - 0x00007ffcdc1b6000 	E:\Aplicaciones\jdk-17.0.2\bin\nio.dll
0x00007ffcdc150000 - 0x00007ffcdc168000 	E:\Aplicaciones\jdk-17.0.2\bin\zip.dll
0x00007ffce2bc0000 - 0x00007ffce2bd0000 	E:\Aplicaciones\jdk-17.0.2\bin\verify.dll
0x00007ffce2bd0000 - 0x00007ffce2bf7000 	C:\Users\kelly\.gradle\native\e1d6ef7f7dcc3fd88c89a11ec53ec762bb8ba0a96d01ffa2cd45eb1d1d8dd5c5\windows-amd64\native-platform.dll
0x00007ffc97da0000 - 0x00007ffc97ee4000 	C:\Users\kelly\.gradle\native\0d407fdbe67a94daf76414ababcb853783967236a71b16ec16e742cd7a986fd3\windows-amd64\native-platform-file-events.dll
0x00007ffcdc6f0000 - 0x00007ffcdc6f9000 	E:\Aplicaciones\jdk-17.0.2\bin\management.dll
0x00007ffcdc470000 - 0x00007ffcdc47b000 	E:\Aplicaciones\jdk-17.0.2\bin\management_ext.dll
0x00007ffcf9930000 - 0x00007ffcf9948000 	C:\Windows\SYSTEM32\CRYPTSP.dll
0x00007ffcf9010000 - 0x00007ffcf9048000 	C:\Windows\system32\rsaenh.dll
0x00007ffcf9f60000 - 0x00007ffcf9f8e000 	C:\Windows\SYSTEM32\USERENV.dll
0x00007ffcf9920000 - 0x00007ffcf992c000 	C:\Windows\SYSTEM32\CRYPTBASE.dll
0x00007ffcf93e0000 - 0x00007ffcf941b000 	C:\Windows\SYSTEM32\IPHLPAPI.DLL
0x00007ffcfac40000 - 0x00007ffcfac48000 	C:\Windows\System32\NSI.dll
0x00007ffcf2970000 - 0x00007ffcf2987000 	C:\Windows\SYSTEM32\dhcpcsvc6.DLL
0x00007ffcf2760000 - 0x00007ffcf277d000 	C:\Windows\SYSTEM32\dhcpcsvc.DLL
0x00007ffcf9430000 - 0x00007ffcf94fa000 	C:\Windows\SYSTEM32\DNSAPI.dll
0x00007ffcdbfd0000 - 0x00007ffcdbfde000 	E:\Aplicaciones\jdk-17.0.2\bin\sunmscapi.dll
0x00007ffcfa420000 - 0x00007ffcfa57d000 	C:\Windows\System32\CRYPT32.dll
0x00007ffcf9a40000 - 0x00007ffcf9a67000 	C:\Windows\SYSTEM32\ncrypt.dll
0x00007ffcf9a00000 - 0x00007ffcf9a3b000 	C:\Windows\SYSTEM32\NTASN1.dll
0x00007ffce2d10000 - 0x00007ffce2d17000 	C:\Windows\system32\wshunix.dll

dbghelp: loaded successfully - version: 4.0.5 - missing functions: none
symbol engine: initialized successfully - sym options: 0x614 - pdb path: .;E:\Aplicaciones\jdk-17.0.2\bin;C:\Windows\SYSTEM32;C:\Windows\WinSxS\amd64_microsoft.windows.common-controls_6595b64144ccf1df_6.0.19041.5794_none_60bcd33171f2783c;E:\Aplicaciones\jdk-17.0.2\bin\server;C:\Users\kelly\.gradle\native\e1d6ef7f7dcc3fd88c89a11ec53ec762bb8ba0a96d01ffa2cd45eb1d1d8dd5c5\windows-amd64;C:\Users\kelly\.gradle\native\0d407fdbe67a94daf76414ababcb853783967236a71b16ec16e742cd7a986fd3\windows-amd64

VM Arguments:
jvm_args: --add-opens=java.base/java.util=ALL-UNNAMED --add-opens=java.base/java.lang=ALL-UNNAMED --add-opens=java.base/java.lang.invoke=ALL-UNNAMED --add-opens=java.base/java.util=ALL-UNNAMED --add-opens=java.prefs/java.util.prefs=ALL-UNNAMED --add-opens=java.prefs/java.util.prefs=ALL-UNNAMED --add-opens=java.base/java.nio.charset=ALL-UNNAMED --add-opens=java.base/java.net=ALL-UNNAMED --add-opens=java.base/java.util.concurrent.atomic=ALL-UNNAMED -XX:MaxMetaspaceSize=256m -XX:+HeapDumpOnOutOfMemoryError -Xms256m -Xmx512m -Dfile.encoding=UTF-8 -Duser.country=CO -Duser.language=es -Duser.variant 
java_command: org.gradle.launcher.daemon.bootstrap.GradleDaemon 7.5
java_class_path (initial): C:\Users\kelly\.gradle\wrapper\dists\gradle-7.5-bin\f1w0cc9nuo0eivz97x2xlu9sv\gradle-7.5\lib\gradle-launcher-7.5.jar
Launcher Type: SUN_STANDARD

[Global flags]
     intx CICompilerCount                          = 3                                         {product} {ergonomic}
   size_t CompressedClassSpaceSize                 = 218103808                                 {product} {ergonomic}
     uint ConcGCThreads                            = 1                                         {product} {ergonomic}
     uint G1ConcRefinementThreads                  = 4                                         {product} {ergonomic}
   size_t G1HeapRegionSize                         = 1048576                                   {product} {ergonomic}
    uintx GCDrainStackTargetSize                   = 64                                        {product} {ergonomic}
     bool HeapDumpOnOutOfMemoryError               = true                                   {manageable} {command line}
   size_t InitialHeapSize                          = 268435456                                 {product} {command line}
   size_t MarkStackSize                            = 4194304                                   {product} {ergonomic}
   size_t MaxHeapSize                              = 536870912                                 {product} {command line}
   size_t MaxMetaspaceSize                         = 268435456                                 {product} {command line}
   size_t MaxNewSize                               = 321912832                                 {product} {ergonomic}
   size_t MinHeapDeltaBytes                        = 1048576                                   {product} {ergonomic}
   size_t MinHeapSize                              = 268435456                                 {product} {command line}
    uintx NonNMethodCodeHeapSize                   = 5832780                                {pd product} {ergonomic}
    uintx NonProfiledCodeHeapSize                  = 122912730                              {pd product} {ergonomic}
    uintx ProfiledCodeHeapSize                     = 122912730                              {pd product} {ergonomic}
    uintx ReservedCodeCacheSize                    = 251658240                              {pd product} {ergonomic}
     bool SegmentedCodeCache                       = true                                      {product} {ergonomic}
   size_t SoftMaxHeapSize                          = 536870912                              {manageable} {ergonomic}
     bool UseCompressedClassPointers               = true                           {product lp64_product} {ergonomic}
     bool UseCompressedOops                        = true                           {product lp64_product} {ergonomic}
     bool UseG1GC                                  = true                                      {product} {ergonomic}
     bool UseLargePagesIndividualAllocation        = false                                  {pd product} {ergonomic}

Logging:
Log output configuration:
 #0: stdout all=warning uptime,level,tags
 #1: stderr all=off uptime,level,tags

Environment Variables:
JAVA_HOME=E:\Aplicaciones\jdk-17.0.2
PATH=C:\Windows\system32;C:\Windows;C:\Windows\System32\Wbem;C:\Windows\System32\WindowsPowerShell\v1.0\;C:\Windows\System32\OpenSSH\;E:\Aplicaciones\Git\cmd;E:\Aplicaciones\AWS\;E:\Aplicaciones\jdk-17.0.2\bin;;C:\Program Files\Docker\Docker\resources\bin;C:\Users\kelly\AppData\Local\Microsoft\WindowsApps;E:\Aplicaciones\apache-maven-3.9.9\bin;E:\Aplicaciones\Microsoft VS Code\bin
USERNAME=kelly
OS=Windows_NT
PROCESSOR_IDENTIFIER=AMD64 Family 23 Model 24 Stepping 1, AuthenticAMD



---------------  S Y S T E M  ---------------

OS:
 Windows 10 , 64 bit Build 19041 (10.0.19041.5794)
OS uptime: 7 days 9:22 hours
Hyper-V role detected

CPU: total 4 (initial active 4) (4 cores per cpu, 1 threads per core) family 23 model 24 stepping 1 microcode 0x0, cx8, cmov, fxsr, mmx, 3dnowpref, sse, sse2, sse3, ssse3, sse4a, sse4.1, sse4.2, popcnt, lzcnt, tsc, tscinvbit, avx, avx2, aes, clmul, bmi1, bmi2, adx, sha, fma, vzeroupper, clflush, clflushopt, hv

Memory: 4k page, system-wide physical 10153M (142M free)
TotalPageFile size 25251M (AvailPageFile size 1M)
current process WorkingSet (physical memory assigned to process): 147M, peak: 147M
current process commit charge ("private bytes"): 382M, peak: 382M

vm_info: OpenJDK 64-Bit Server VM (17.0.2+8-86) for windows-amd64 JRE (17.0.2+8-86), built on Dec  7 2021 21:49:10 by "mach5one" with MS VC++ 16.8 / 16.9 (VS2019)

END.
